// Jest Snapshot v1, https://goo.gl/fbAQLP

exports[`Homepage component test render the Homepage component 1`] = `
Object {
  "asFragment": [Function],
  "baseElement": <body>
    <div>
      <main>
        <section>
          <div
            class="container"
          >
            <div
              class="welcome"
            >
              <h2>
                Welcome to the Quoted App
              </h2>
              <p
                class="par"
              >
                Sint eiusmod nisi commodo veniam irure mollit. Sunt ipsum nulla nisi eiusmod duis enim do proident et. Incididunt anim culpa dolore pariatur elit laboris esse
              </p>
              <p
                class="par"
              >
                Ut incididunt aliqua dolor elit duis dolor Lorem nulla ea eiusmod eiusmod datat fugiat et excepteur esse.Labore occaecat veniam incididunt culpa magna dolore incididunt.
              </p>
              <p
                class="par"
              >
                Aliquip aliquip eu reprehenderit adipisicing in Lorem duis amet. Eu elit culpa ea incididunt elit est nostrud ad ex adipisicing nulla dolor adipisicing. Pariatur laborum ipsum cillum Lorem deserunt sint dolor sit occaecat quis aliqua. Aliqua magna est aliquip duis qui quis pariatur. Excepteur quis sunt esse excepteur sunt aliqua exercitation commodo qui velit esse enim. Ea cupidatat nulla velit amet veniam irure ad excepteur.
              </p>
            </div>
          </div>
        </section>
      </main>
    </div>
  </body>,
  "container": <div>
    <main>
      <section>
        <div
          class="container"
        >
          <div
            class="welcome"
          >
            <h2>
              Welcome to the Quoted App
            </h2>
            <p
              class="par"
            >
              Sint eiusmod nisi commodo veniam irure mollit. Sunt ipsum nulla nisi eiusmod duis enim do proident et. Incididunt anim culpa dolore pariatur elit laboris esse
            </p>
            <p
              class="par"
            >
              Ut incididunt aliqua dolor elit duis dolor Lorem nulla ea eiusmod eiusmod datat fugiat et excepteur esse.Labore occaecat veniam incididunt culpa magna dolore incididunt.
            </p>
            <p
              class="par"
            >
              Aliquip aliquip eu reprehenderit adipisicing in Lorem duis amet. Eu elit culpa ea incididunt elit est nostrud ad ex adipisicing nulla dolor adipisicing. Pariatur laborum ipsum cillum Lorem deserunt sint dolor sit occaecat quis aliqua. Aliqua magna est aliquip duis qui quis pariatur. Excepteur quis sunt esse excepteur sunt aliqua exercitation commodo qui velit esse enim. Ea cupidatat nulla velit amet veniam irure ad excepteur.
            </p>
          </div>
        </div>
      </section>
    </main>
  </div>,
  "debug": [Function],
  "findAllByAltText": [Function],
  "findAllByDisplayValue": [Function],
  "findAllByLabelText": [Function],
  "findAllByPlaceholderText": [Function],
  "findAllByRole": [Function],
  "findAllByTestId": [Function],
  "findAllByText": [Function],
  "findAllByTitle": [Function],
  "findByAltText": [Function],
  "findByDisplayValue": [Function],
  "findByLabelText": [Function],
  "findByPlaceholderText": [Function],
  "findByRole": [Function],
  "findByTestId": [Function],
  "findByText": [Function],
  "findByTitle": [Function],
  "getAllByAltText": [Function],
  "getAllByDisplayValue": [Function],
  "getAllByLabelText": [Function],
  "getAllByPlaceholderText": [Function],
  "getAllByRole": [Function],
  "getAllByTestId": [Function],
  "getAllByText": [Function],
  "getAllByTitle": [Function],
  "getByAltText": [Function],
  "getByDisplayValue": [Function],
  "getByLabelText": [Function],
  "getByPlaceholderText": [Function],
  "getByRole": [Function],
  "getByTestId": [Function],
  "getByText": [Function],
  "getByTitle": [Function],
  "queryAllByAltText": [Function],
  "queryAllByDisplayValue": [Function],
  "queryAllByLabelText": [Function],
  "queryAllByPlaceholderText": [Function],
  "queryAllByRole": [Function],
  "queryAllByTestId": [Function],
  "queryAllByText": [Function],
  "queryAllByTitle": [Function],
  "queryByAltText": [Function],
  "queryByDisplayValue": [Function],
  "queryByLabelText": [Function],
  "queryByPlaceholderText": [Function],
  "queryByRole": [Function],
  "queryByTestId": [Function],
  "queryByText": [Function],
  "queryByTitle": [Function],
  "rerender": [Function],
  "unmount": [Function],
}
`;
